---
source: tests/main.rs
expression: input
snapshot_kind: text
---
[package]
name = "cargo-autoinherit-test-web"
version = "0.0.1"
edition = "2021"
publish = false

[lib]
# examples in docs don't run without a running database, etc.
doctest = false

[features]
test-helpers = ["dep:serde_json", "dep:tower", "dep:hyper"]

[dependencies]
anyhow = "1.0"
axum = { version = "0.7", features = ["macros"] }
cargo-autoinherit-test-config = { path = "../config" }
cargo-autoinherit-test-db = { path = "../db", features = ["openapi"] }
serde = { version = "1.0", features = ["derive"] }
tokio = { version = "1.34", features = ["full"] }
tower-http = { version = "0.6", features = ["full"] }
tracing = "0.1"
tracing-panic = "0.1"
tracing-subscriber = { version = "0.3", features = ["env-filter", "registry", "fmt"] }
uuid = { version = "1.6", features = ["serde"] }
serde_json = { version = "1.0", optional = true }
thiserror = "1.0"
tower = { version = "0.5", features = ["util"], optional = true }
hyper = { version = "1.0", features = ["full"], optional = true }
cargo-autoinherit-test-macros = { path = "../macros" }
validator = { version = "0.18.1", features = ["derive"] }
utoipa = { version = "5.1.2", features = ["axum_extras", "uuid"] }
utoipa-axum = {version = "0.1.2" }
utoipa-swagger-ui = { version = "8.0.3", features = ["axum", "reqwest"] }

[dev-dependencies]
fake = "2.9"
googletest = "0.12"
cargo-autoinherit-test-db = { path = "../db", features = ["test-helpers"] }
cargo-autoinherit-test-web = { path = ".", features = ["test-helpers"] }
